<?xml version="1.0" encoding="utf-8"?><testsuites name="pytest tests"><testsuite name="pytest" errors="0" failures="0" skipped="0" tests="20" time="120.489" timestamp="2026-05-11T09:43:33.855739+03:00" hostname="DESKTOP-V1O645O"><testcase classname="tests.web.test_auth" name="test_login_with_valid_credentials[chromium]" time="4.896" /><testcase classname="tests.web.test_auth" name="test_login_with_invalid_credentials[chromium]" time="2.887" /><testcase classname="tests.web.test_auth" name="test_login_without_username[chromium]" time="3.002" /><testcase classname="tests.web.test_auth" name="test_login_without_password[chromium]" time="2.977" /><testcase classname="tests.web.test_auth" name="test_login_with_empty_credentials[chromium]" time="2.902" /><testcase classname="tests.web.test_user_profile" name="test_if_navigate_to_my_profile_works[chromium]" time="1.439" /><testcase classname="tests.web.test_user_profile" name="test_if_changing_name_works[chromium-Ivan-Georgiev]" time="8.366" /><testcase classname="tests.web.test_user_profile" name="test_if_changing_password_works_with_valid_data[chromium-JaKeTheDog1!]" time="9.299" /><testcase classname="tests.web.test_user_profile" name="test_if_changing_password_shows_error_with_invalid_data[chromium-JaKeTheDog1]" time="6.069" /><testcase classname="tests.web.test_vehicles" name="test_adding_a_car_to_a_client[chromium-Audi-A4]" time="7.852" /><testcase classname="tests.web.test_user_profile" name="test_if_changing_name_works[chromium-VeryLongNameThatMightBreakTheUI-Test]" time="8.034" /><testcase classname="tests.web.test_user_profile" name="test_if_changing_password_works_with_valid_data[chromium-Adventuretime1!]" time="9.270" /><testcase classname="tests.web.test_user_profile" name="test_if_changing_password_shows_error_with_invalid_data[chromium-Jake333]" time="4.136" /><testcase classname="tests.web.test_vehicles" name="test_adding_a_car_to_a_client[chromium-Audi-A6]" time="7.639" /><testcase classname="tests.web.test_user_profile" name="test_if_changing_name_works[chromium-O'Neil-D-r]" time="7.988" /><testcase classname="tests.web.test_user_profile" name="test_if_changing_password_works_with_valid_data[chromium-FinnTheHuman2+]" time="9.213" /><testcase classname="tests.web.test_user_profile" name="test_if_changing_password_shows_error_with_invalid_data[chromium-A]" time="4.204" /><testcase classname="tests.web.test_vehicles" name="test_adding_a_car_to_a_client[chromium-Porsche-911]" time="7.710" /><testcase classname="tests.web.test_user_profile" name="test_if_changing_password_shows_error_with_invalid_data[chromium-Jake!t1]" time="4.093" /><testcase classname="tests.web.test_vehicles" name="test_adding_a_car_to_a_client[chromium-Volkswagen-Passat]" time="8.273" /></testsuite></testsuites>